Microsoft (R) Macro Assembler Version 14.24.28315.0	    06/07/20 19:49:23
7Strings to Signed Integers     (program6_933958778.asm	     Page 1 - 1


				TITLE Strings to Signed Integers     (program6_933958778.asm)

				; Author: Andrew Helmsworth
				; Last Modified: 2020/06/01
				; OSU email address: helmswoa@oregonstate.edu
				; Course number/section: 271-400
				; Project Number: 6                Due Date: 2020/06/07
				; Description: Macros are defined which use Irvine Library 
				; procedures to read and write strings. These macros are used
				; by writeVal and readVal to get signed numbers from the user,
				; read it as a string, validate input, convert it to a signed integer
				; and store in an array. The sum and average are calculated and written
				; back as strings.

				INCLUDE Irvine32.inc
			      C ; Include file for Irvine32.lib             (Irvine32.inc)
			      C 
			      C ;OPTION CASEMAP:NONE		; optional: make identifiers case-sensitive
			      C 
			      C INCLUDE SmallWin.inc		; MS-Windows prototypes, structures, and constants
			      C .NOLIST
			      C .LIST
			      C 
			      C INCLUDE VirtualKeys.inc
			      C ; VirtualKeys.inc
			      C .NOLIST
			      C .LIST
			      C 
			      C 
			      C .NOLIST
			      C .LIST
			      C 

				; (insert macro definitions here)
				;--------------------------------------
				getString MACRO inputAddress, prompt
				;   Prompts user to input an integer,
				;	then stores as a string.
				;
				;	Preconditions: Do not use any of the 
				;	general purpose registers as arguments
				;
				;	Receives: Address for saving input,
				;	address of a prompt for the user
				;
				;	Returns: A saved string at the input address
				;
				;
				;--------------------------------------

					;Save the registers
					pushad

					;Prompt for user input
					displayString prompt

					;Get the input from the user
					mov		edx, inputAddress
					mov		ecx, 32; ensure always null-terminated
					call	ReadString

					;Restore the registers
					popad
				ENDM

				;--------------------------------------
				displayString MACRO outputAddress
				;   Outputs a supplied string to screen.
				;
				;	Preconditions: Do not use any of the 
				;	general purpose registers as arguments
				;
				;	Receives: Address of string to output
				;
				;	Returns: none
				;
				;
				;--------------------------------------

					;Save the registers
					pushad

					;Prompt for user input
					mov		edx, outputAddress
					call	WriteString

					;Restore the registers
					popad
				ENDM

				; (insert constant definitions here)

 00000000			.data

				; (insert variable definitions here)
				;Variables for introducing the programmer & farewell
 00000000 53 74 72 69 6E	titleText	BYTE	"Strings to Signed Integers",0
	   67 73 20 74 6F
	   20 53 69 67 6E
	   65 64 20 49 6E
	   74 65 67 65 72
	   73 00
 0000001B 50 72 6F 67 72	authName	BYTE	"Programmed by Andrew Helmsworth",0
	   61 6D 6D 65 64
	   20 62 79 20 41
	   6E 64 72 65 77
	   20 48 65 6C 6D
	   73 77 6F 72 74
	   68 00
 0000003B 54 68 61 6E 6B	seeya		BYTE	"Thanks for stopping by, and have a nice day!",0
	   73 20 66 6F 72
	   20 73 74 6F 70
	   70 69 6E 67 20
	   62 79 2C 20 61
	   6E 64 20 68 61
	   76 65 20 61 20
	   6E 69 63 65 20
	   64 61 79 21 00

				;Variables for explaining EC
 00000068 2A 2A 45 43 3A	ecOne		BYTE	"**EC: Line numbers and a running subtotal are displayed.",0
	   20 4C 69 6E 65
	   20 6E 75 6D 62
	   65 72 73 20 61
	   6E 64 20 61 20
	   72 75 6E 6E 69
	   6E 67 20 73 75
	   62 74 6F 74 61
	   6C 20 61 72 65
	   20 64 69 73 70
	   6C 61 79 65 64
	   2E 00

				;Variables used for program description
 000000A1 54 68 69 73 20	descripA	BYTE	"This program will prompt you for 10 signed integers, validating your input.",0dh, 0ah, 0
	   70 72 6F 67 72
	   61 6D 20 77 69
	   6C 6C 20 70 72
	   6F 6D 70 74 20
	   79 6F 75 20 66
	   6F 72 20 31 30
	   20 73 69 67 6E
	   65 64 20 69 6E
	   74 65 67 65 72
	   73 2C 20 76 61
	   6C 69 64 61 74
	   69 6E 67 20 79
	   6F 75 72 20 69
	   6E 70 75 74 2E
	   0D 0A 00
 000000EF 49 6E 74 65 67	descripB	BYTE	"Integers must be appropriately sized for a 32-bit register.",0dh, 0ah, 0
	   65 72 73 20 6D
	   75 73 74 20 62
	   65 20 61 70 70
	   72 6F 70 72 69
	   61 74 65 6C 79
	   20 73 69 7A 65
	   64 20 66 6F 72
	   20 61 20 33 32
	   2D 62 69 74 20
	   72 65 67 69 73
	   74 65 72 2E 0D
	   0A 00
 0000012D 41 66 74 65 72	descripC	BYTE	"After valid input is received, a list of the entered numbers, their sum, and average will be displayed.",0
	   20 76 61 6C 69
	   64 20 69 6E 70
	   75 74 20 69 73
	   20 72 65 63 65
	   69 76 65 64 2C
	   20 61 20 6C 69
	   73 74 20 6F 66
	   20 74 68 65 20
	   65 6E 74 65 72
	   65 64 20 6E 75
	   6D 62 65 72 73
	   2C 20 74 68 65
	   69 72 20 73 75
	   6D 2C 20 61 6E
	   64 20 61 76 65
	   72 61 67 65 20
	   77 69 6C 6C 20
	   62 65 20 64 69
	   73 70 6C 61 79
	   65 64 2E 00

				;Variables for prompting for user input
 00000195 50 6C 65 61 73	plsEnter	BYTE	"Please enter a signed integer: ",0
	   65 20 65 6E 74
	   65 72 20 61 20
	   73 69 67 6E 65
	   64 20 69 6E 74
	   65 67 65 72 3A
	   20 00
 000001B5 45 72 72 6F 72	tryAgain	BYTE	"Error! You didn't enter a signed int, or you overflowed the register.",0dh, 0ah
	   21 20 59 6F 75
	   20 64 69 64 6E
	   27 74 20 65 6E
	   74 65 72 20 61
	   20 73 69 67 6E
	   65 64 20 69 6E
	   74 2C 20 6F 72
	   20 79 6F 75 20
	   6F 76 65 72 66
	   6C 6F 77 65 64
	   20 74 68 65 20
	   72 65 67 69 73
	   74 65 72 2E 0D
	   0A
 000001FC  50 6C 65 61 73				BYTE	"Please try again: ",0
	   65 20 74 72 79
	   20 61 67 61 69
	   6E 3A 20 00

				;Variables for storing user input
 0000020F  00000021 [		userInput	BYTE	33 DUP(0)
	    00
	   ]
 00000230 00000000		validInt	DWORD	?
 00000234 00000000		isNeg		DWORD	0
 00000238 2D			minus		BYTE	"-"
 00000239 2B			plus		BYTE	"+"
 0000023A  00000021 [		emptyStr	BYTE	33 DUP(0)
	    00
	   ]
 0000025B  0000000A [		intArray	SDWORD	10 DUP(?)
	    00000000
	   ]
 00000283 0000000A		arrayCount	DWORD	10

				;Variables for clearing strings
 00000287 00			zero		BYTE	0
 00000288 00000021		thirtyThree	DWORD	33

				;Variables for writing values
 0000028C  00000021 [		intOutput	BYTE	33 DUP(0)
	    00
	   ]
 000002AD 00000000		currentInt	DWORD	?
 000002B1  00000021 [		tempString	BYTE	33 DUP(0)
	    00
	   ]
 000002D2 00000000		digits		DWORD	?

				;Values for displaying user input
 000002D6 54 68 65 20 76	valsEntered	BYTE	"The values you entered were: ",0dh, 0ah, 0
	   61 6C 75 65 73
	   20 79 6F 75 20
	   65 6E 74 65 72
	   65 64 20 77 65
	   72 65 3A 20 0D
	   0A 00

 00000000			.code
				;--------------------------------------
 00000000			main PROC
				;
				; Parses user input as a string to an int, prints sum and average
				; and validates input
				;
				; Preconditions: none
				; Postconditions: Input prompts, sum, average output to screen
				; Receives: none
				; Registers changed: esp
				; Registers changed (through called procs):
				; eax, ebx, ecx, edx, esi, edi, esp, ebp
				;
				; Returns: none
				;
				;--------------------------------------
					;push all registers
 00000000  60				pushad

					;Used for error detection
 00000001  6A 2F			push	47
				;--------------------------------------
				;INTRODUCTION SECTION
				;introduction
				;
				;This section of the program
				;introduces the programmer and
				;title.
				;--------------------------------------
					;Push string offsets in reverse order
					;as they are needed in introduction
 00000003  68 0000012D R		push	OFFSET descripC
 00000008  68 000000EF R		push	OFFSET descripB
 0000000D  68 000000A1 R		push	OFFSET descripA
 00000012  68 00000068 R		push	OFFSET ecOne
 00000017  68 0000001B R		push	OFFSET authName
 0000001C  68 00000000 R		push	OFFSET titleText

					;Introduce the program
 00000021  E8 00000072			call	introduction
 00000026  E8 00000000 E		call	CrLf

				;--------------------------------------
				;GET USER INPUT SECTION
				;getUserInput
				;
				;This section of the program gets 10
				;valid integers from the user.
				;--------------------------------------

					;Push user input offsets in the reverse
					;order that they are needed in the proc
 0000002B  68 0000028C R		push	OFFSET intOutput
 00000030  68 000002AD R		push	OFFSET currentInt
 00000035  68 000002B1 R		push	OFFSET tempString
 0000003A  68 000002D2 R		push	OFFSET digits
 0000003F  68 000002D6 R		push	OFFSET valsEntered
 00000044  68 00000288 R		push	OFFSET thirtyThree
 00000049  68 00000283 R		push	OFFSET arrayCount
 0000004E  68 0000025B R		push	OFFSET intArray
 00000053  68 0000023A R		push	OFFSET emptyStr
 00000058  68 00000238 R		push	OFFSET minus
 0000005D  68 00000239 R		push	OFFSET plus
 00000062  68 00000234 R		push	OFFSET isNeg
 00000067  68 00000230 R		push	OFFSET validInt
 0000006C  68 0000020F R		push	OFFSET userInput
 00000071  68 000001B5 R		push	OFFSET tryAgain
 00000076  68 00000195 R		push	OFFSET plsEnter

					;Get 10 values
 0000007B  E8 00000071			call	getNumbers
 00000080  E8 00000000 E		call	CrLf

					
				;--------------------------------------
				;FAREWELL SECTION
				;farewell
				;
				;This section of the program bids farewell
				;to the user.
				;--------------------------------------
					;push string address and call
					;push	OFFSET seeya
					;call	farewell

					;Used for error detection
 00000085  58				pop		eax
 00000086  E8 00000000 E		call	WriteDec
 0000008B  E8 00000000 E		call	CrLf

					;returh registers
 00000090  61				popad

					exit	; exit to operating system
 00000091  6A 00	   *	    push   +000000000h
 00000093  E8 00000000 E   *	    call   ExitProcess
 00000098			main ENDP

				; (insert additional procedures here)
				;--------------------------------------
 00000098			introduction PROC
				;
				; Introduces program title and name
				; of programmer, as well as extra credit
				; option and description.
				;
				; Preconditions: Title, author, EC string, description strings,
				; on stack
				; Postconditions: Introduction and related strings output to screen
				; Receives: Title, author, EC string, description strings,
				; on stack
				; Registers changed: eax, ecx, edx, ebp, esp, esi
				;
				; Returns: none
				;
				;--------------------------------------

					;Save ebp and set the base pointer
 00000098  55				push	ebp
 00000099  8B EC			mov		ebp, esp

					;Saving registers
 0000009B  60				pushad

				;--------------------------------------
				; CITATION: Concept learned from reference:
				; https://piazza.com/class/k83uhw9nnyd2y9?cid=278
				;--------------------------------------
				;; STACK FRAME CONTENTS
				;
				;registers	|	ebp--
				;old ebp	|	ebp <-(Also esp)
				;return @	|	ebp + 4
				;titleText	|	ebp + 8
				;authName	|	ebp + 12
				;ecOne		|	ebp + 16
				;descripA	|	ebp + 20
				;descripB	|	ebp + 24
				;descripC	|	ebp + 28
				;--------------------------------------
					;Introduce title
					displayString [ebp + 8]
 0000009C  60		     1		pushad
 0000009D  8B 55 08	     1		mov		edx, [ebp + 8]
 000000A0  E8 00000000 E     1		call	WriteString
 000000A5  61		     1		popad
 000000A6  E8 00000000 E		call	CrLf

					;Introduce programmer
					displayString [ebp + 12]
 000000AB  60		     1		pushad
 000000AC  8B 55 0C	     1		mov		edx, [ebp + 12]
 000000AF  E8 00000000 E     1		call	WriteString
 000000B4  61		     1		popad
 000000B5  E8 00000000 E		call	CrLf

					;Specify EC option
					displayString [ebp + 16]
 000000BA  60		     1		pushad
 000000BB  8B 55 10	     1		mov		edx, [ebp + 16]
 000000BE  E8 00000000 E     1		call	WriteString
 000000C3  61		     1		popad
 000000C4  E8 00000000 E		call	CrLf

					;List program description
					displayString [ebp + 20]
 000000C9  60		     1		pushad
 000000CA  8B 55 14	     1		mov		edx, [ebp + 20]
 000000CD  E8 00000000 E     1		call	WriteString
 000000D2  61		     1		popad
					displayString [ebp + 24]
 000000D3  60		     1		pushad
 000000D4  8B 55 18	     1		mov		edx, [ebp + 24]
 000000D7  E8 00000000 E     1		call	WriteString
 000000DC  61		     1		popad
					displayString [ebp + 28]
 000000DD  60		     1		pushad
 000000DE  8B 55 1C	     1		mov		edx, [ebp + 28]
 000000E1  E8 00000000 E     1		call	WriteString
 000000E6  61		     1		popad
 000000E7  E8 00000000 E		call	CrLf

					;return registers
 000000EC  61				popad

					;Reset ebp -- esp never moved
 000000ED  5D				pop		ebp

					;Return but also clear stack
 000000EE  C2 0018			ret		24

 000000F1			introduction ENDP

				;--------------------------------------
 000000F1			getNumbers PROC
				;
				; Stores 10 valid ints from the user

				; Preconditions: large stack, see stack contents below
				; Postconditions: valid integer in validInt
				; Receives: large stack, see stack contents below
				; Registers changed: eax, ebx, ecx, edx, ebp, esp, esi
				;
				; Returns: valid integers in intArray
				;
				;--------------------------------------

					;Save ebp and set the base pointer
 000000F1  55				push	ebp
 000000F2  8B EC			mov		ebp, esp

					;save registers
 000000F4  60				pushad

				;--------------------------------------
				; CITATION: Concept learned from reference:
				; https://piazza.com/class/k83uhw9nnyd2y9?cid=278
				;--------------------------------------
				;; STACK FRAME CONTENTS
				; 
				;old ebp	|	ebp <-(Also esp)
				;return @	|	ebp + 4
				;plsEnter	|	ebp + 8
				;tryAgain	|	ebp + 12
				;userInput	|	ebp + 16
				;validInt	|	ebp + 20
				;isNeg		|	ebp + 24
				;plus		|	ebp + 28
				;minus		|	ebp + 32
				;emptyStr	|	ebp + 36
				;intArray	|	ebp + 40
				;arrayCount	|	ebp + 44
				;thirtyThree|	ebp + 48
				;valsEntered|	ebp + 52
				;digits		|	ebp + 56
				;tempString	|	ebp + 60
				;currentInt	|	ebp + 64
				;intOutput	|	ebp + 68
				;--------------------------------------
					;initialize counter and edi
 000000F5  8B 5D 2C			mov		ebx, [ebp + 44]
 000000F8  B8 0000000A			mov		eax, 10
 000000FD  89 03			mov		[ebx], eax

 000000FF			getMore:
					;push values for readVal
 000000FF  FF 75 30			push	[ebp + 48]
 00000102  FF 75 2C			push	[ebp + 44]
 00000105  FF 75 28			push	[ebp + 40]
 00000108  FF 75 24			push	[ebp + 36]
 0000010B  FF 75 20			push	[ebp + 32]
 0000010E  FF 75 1C			push	[ebp + 28]
 00000111  FF 75 18			push	[ebp + 24]
 00000114  FF 75 14			push	[ebp + 20]
 00000117  FF 75 10			push	[ebp + 16]
 0000011A  FF 75 0C			push	[ebp + 12]
 0000011D  FF 75 08			push	[ebp + 8]

					;Get next value
 00000120  E8 00000072			call	readVal

					;Clear the input string
 00000125  FF 75 30			push	[ebp + 48]
 00000128  FF 75 10			push	[ebp + 16]
 0000012B  E8 000001DC			call	clearString

					;get validInt
 00000130  8B 75 14			mov		esi, [ebp + 20]

					;save to array and increment
					;subtract arrayCount from 10
 00000133  B8 0000000A			mov		eax, 10
 00000138  8B 7D 2C			mov		edi, [ebp + 44]
 0000013B  2B 07			sub		eax, [edi]
 0000013D  BB 00000004			mov		ebx, 4

					;multiply by four
 00000142  F7 E3			mul		ebx
 00000144  8B 7D 28			mov		edi, [ebp + 40]

					;add this offset to edi
 00000147  03 F8			add		edi, eax
 00000149  8B 75 14			mov		esi, [ebp + 20]
 0000014C  8B 06			mov		eax, [esi]

					;save valid int
 0000014E  89 07			mov		[edi], eax

					;continue to fill array
 00000150  8B 5D 2C			mov		ebx, [ebp + 44]
 00000153  B8 00000001			mov		eax, 1
 00000158  29 03			sub		[ebx], eax; sub 1 from arrayCount
 0000015A  B8 00000000			mov		eax, 0
 0000015F  39 03			cmp		[ebx], eax
 00000161  75 9C			jnz		getMore

					;init counter, set to start of intArray
 00000163  B9 0000000A			mov		ecx, 10
 00000168  8B 75 28			mov		esi, [ebp + 40]

					;Print prompt
					displayString [ebp + 52]
 0000016B  60		     1		pushad
 0000016C  8B 55 34	     1		mov		edx, [ebp + 52]
 0000016F  E8 00000000 E     1		call	WriteString
 00000174  61		     1		popad

 00000175			printEm:
					;Load stack for writeVal
 00000175  FF 75 20			push	[ebp + 32]
 00000178  FF 75 38			push	[ebp + 56]
 0000017B  FF 75 30			push	[ebp + 48]
 0000017E  FF 75 3C			push	[ebp + 60]
 00000181  FF 75 40			push	[ebp + 64]
 00000184  56				push	esi
 00000185  FF 75 44			push	[ebp + 68]

					;print value, increment source
 00000188  E8 00000195			call	writeVal
 0000018D  83 C6 04			add		esi, 4
 00000190  E2 E3			loop	printEm

					;return registers
 00000192  61				popad

					;return ebp to initial value
 00000193  5D				pop		ebp

 00000194  C2 0040			ret 64
 00000197			getNumbers ENDP

				;--------------------------------------
 00000197			readVal PROC
				;
				; Gets and validates a signed integer from the user.
				;
				; Preconditions: userInput, validInt on stack
				; Postconditions: valid integer in validInt
				; Receives: userInput string on stack
				; Registers changed: eax, ecx, edx, ebp, esp, esi
				;
				; Returns: valid integer in validInt
				;
				;--------------------------------------

					;Save ebp and set the base pointer
 00000197  55				push	ebp
 00000198  8B EC			mov		ebp, esp

					;save registers
 0000019A  60				pushad

				;--------------------------------------
				; CITATION: Concept learned from reference:
				; https://piazza.com/class/k83uhw9nnyd2y9?cid=278
				;--------------------------------------
				;; STACK FRAME CONTENTS
				;
				;registers	|	ebp--
				;old ebp	|	ebp
				;ret@		|	ebp + 4
				;plsEnter	|	ebp + 8 
				;tryAgain	|	ebp + 12
				;userInput	|	ebp + 16
				;validInt	|	ebp + 20
				;isNeg		|	ebp + 24
				;plus		|	ebp + 28
				;minus		|	ebp + 32
				;emptyStr	|	ebp + 36
				;intArray	|	ebp + 40
				;arrayCount	|	ebp + 44
				;thirtyThree|	ebp + 48
				;--------------------------------------
					;Skip over invalid unless jumped to
 0000019B  EB 3B			jmp		initRead

 0000019D			invalidEntry:	
					;Input was invalid
					;Clear the input string
 0000019D  FF 75 30			push	[ebp + 48]
 000001A0  FF 75 10			push	[ebp + 16]
 000001A3  E8 00000164			call	clearString

					;Initialize validInt, isNeg, clear direction
 000001A8  8B 7D 14			mov		edi, [ebp + 20];validInt
 000001AB  B8 00000000			mov		eax, 0
 000001B0  89 07			mov		[edi], eax
 000001B2  8B 7D 18			mov		edi, [ebp + 24];isNeg
 000001B5  89 07			mov		[edi], eax
 000001B7  FC				cld

					;Get input from user
					getString [ebp + 16], [ebp + 12];userInput, tryAgain
 000001B8  60		     1		pushad
 000001B9  60		     2		pushad
 000001BA  8B 55 0C	     2		mov		edx, [ebp + 12]
 000001BD  E8 00000000 E     2		call	WriteString
 000001C2  61		     2		popad
 000001C3  8B 55 10	     1		mov		edx, [ebp + 16]
 000001C6  B9 00000020	     1		mov		ecx, 32; ensure always null-terminated
 000001CB  E8 00000000 E     1		call	ReadString
 000001D0  61		     1		popad
 000001D1  E8 00000000 E		call	CrLf

					;skip inital prompt
 000001D6  EB 2E			jmp		firstByte

 000001D8			initRead:
					;Get input from user
					getString [ebp + 16], [ebp + 8];userInput, plsEnter
 000001D8  60		     1		pushad
 000001D9  60		     2		pushad
 000001DA  8B 55 08	     2		mov		edx, [ebp + 8]
 000001DD  E8 00000000 E     2		call	WriteString
 000001E2  61		     2		popad
 000001E3  8B 55 10	     1		mov		edx, [ebp + 16]
 000001E6  B9 00000020	     1		mov		ecx, 32; ensure always null-terminated
 000001EB  E8 00000000 E     1		call	ReadString
 000001F0  61		     1		popad
 000001F1  E8 00000000 E		call	CrLf
					
					;Initialize validInt, isNeg, clear direction
 000001F6  B8 00000000			mov		eax, 0
 000001FB  8B 7D 14			mov		edi, [ebp + 20];validInt
 000001FE  89 07			mov		[edi], eax
 00000200  8B 7D 18			mov		edi, [ebp + 24];isNeg
 00000203  89 07			mov		[edi], eax
 00000205  FC				cld

 00000206			firstByte:
					;Set esi, direction, reinit isNeg
 00000206  8B 75 10			mov		esi, [ebp + 16];esi set to userInput@
 00000209  B8 00000000			mov		eax, 0
 0000020E  8B 7D 18			mov		edi, [ebp + 24];isNeg
 00000211  89 07			mov		[edi], eax;isNeg set to zero

					;Get the first byte, zero-extend
 00000213  AC				lodsb
 00000214  0F B6 C0			movzx	eax, al

					;Check to see if it's a negative sign
 00000217  83 F8 2D			cmp		eax, 45
 0000021A  74 21			jz		negFound

					;Check to see if it's a positive sign
 0000021C  83 F8 2B			cmp		eax, 43
 0000021F  74 28			jz		posFound

					;No sign, checking this byte in range
 00000221  83 E8 30			sub		eax, 48
 00000224  83 F8 00			cmp		eax, 0; lower than zero?
 00000227  0F 82 FFFFFF70		jb		invalidEntry
 0000022D  83 F8 09			cmp		eax, 9;greater than 9?
 00000230  0F 87 FFFFFF67		ja		invalidEntry

					;Was a digit, proceeding
 00000236  8B 7D 14			mov		edi, [ebp + 20];validInt
 00000239  01 07			add		[edi], eax;first digit stored in validInt
 0000023B  EB 18			jmp		keepReading

 0000023D			negFound:
					;set boolean and continue
 0000023D  8B 7D 18			mov		edi, [ebp + 24];isNeg
 00000240  B8 00000001			mov		eax, 1
 00000245  89 07			mov		[edi], eax;isNeg set to 1
 00000247  EB 0C			jmp		keepReading

 00000249			posFound:
					;set boolean and continue
 00000249  8B 7D 18			mov		edi, [ebp + 24];isNeg
 0000024C  B8 00000000			mov		eax, 0
 00000251  89 07			mov		[edi], eax;isNeg set to 0
 00000253  EB 00			jmp		keepReading

 00000255			keepReading:
					;Check next byte before loading
 00000255  8A 0E			mov		cl, [esi]
 00000257  80 F9 00			cmp		cl, 0
 0000025A  0F 84 00000082		jz		endRead

					;Multiply to next dec place
 00000260  BB 0000000A			mov		ebx, 10
 00000265  8B 7D 14			mov		edi, [ebp + 20];validInt
 00000268  8B 07			mov		eax, [edi];validInt literal in eax
 0000026A  F7 D8			neg		eax;doing inverse first
 0000026C  F7 EB			imul		ebx;validInt * 10
 0000026E  0F 80 FFFFFF29		jo		invalidEntry
 00000274  F7 D8			neg		eax;back to positive

					;check overflow flag
 00000276  F7 D8			neg		eax;is negative
 00000278  23 C0			and		eax, eax
 0000027A  0F 80 FFFFFF1D		jo		invalidEntry

					;Wasn't enough to overflow, renagting
 00000280  F7 D8			neg		eax;back to positive
					;and		eax, eax
					;jo		invalidEntry
 00000282  89 07			mov		[edi], eax;storing new *10'd int in validInt

					;get the next byte, zero-extend
 00000284  AC				lodsb
 00000285  0F B6 C0			movzx	eax, al

					;checking this byte in range
 00000288  83 E8 30			sub		eax, 48
 0000028B  83 F8 00			cmp		eax, 0; lower than zero?
 0000028E  0F 82 FFFFFF09		jb		invalidEntry
 00000294  83 F8 09			cmp		eax, 9;greater than 9?
 00000297  0F 87 FFFFFF00		ja		invalidEntry

					;Is a digit, adding to running total
 0000029D  8B 7D 14			mov		edi, [ebp + 20];validInt
 000002A0  8B 1F			mov		ebx, [edi];validInt literal in ebx
 000002A2  F7 DB			neg		ebx;going for inverse first
 000002A4  23 DB			and		ebx, ebx
 000002A6  0F 80 FFFFFEF1		jo		invalidEntry
 000002AC  2B D8			sub		ebx, eax;subbing new digit from validInt

					;checking overflow
 000002AE  0F 80 FFFFFEE9		jo		invalidEntry
 000002B4  23 DB			and		ebx, ebx
 000002B6  0F 80 FFFFFEE1		jo		invalidEntry

					;checking sign boolean
 000002BC  8B 7D 18			mov		edi, [ebp + 24]
 000002BF  8B 0F			mov		ecx, [edi]
 000002C1  83 F9 00			cmp		ecx, 0
 000002C4  74 02			jz		posOverflow
 000002C6  EB 00			jmp		noOverflow

 000002C8			posOverflow:
					;checking if its 2147483648
					;sub		ebx, 1
					;jo		invalidEntry
					;add		ebx, 1
					;jo		invalidEntry

 000002C8			noOverflow:
					;didn't overflow, saving
 000002C8  F7 DB			neg		ebx;returning to pos
 000002CA  0F 80 FFFFFECD		jo		invalidEntry
 000002D0  23 DB			and		ebx, ebx
 000002D2  0F 80 FFFFFEC5		jo		invalidEntry
 000002D8  8B 7D 14			mov		edi, [ebp + 20];validInt
 000002DB  89 1F			mov		[edi], ebx;storing new total in validInt

					;continue
 000002DD  E9 FFFFFF73			jmp		keepReading
					
 000002E2			endRead:
					;Valid int is now saved in validInt
					;now we need to check sign
 000002E2  8B 7D 18			mov		edi, [ebp + 24];isNeg
 000002E5  B8 00000001			mov		eax, 1
 000002EA  39 07			cmp		[edi], eax;compare isNeg to 1
 000002EC  74 02			jz		complement
 000002EE  EB 17			jmp		endReadVal

 000002F0			complement:
					;get two's complement of validInt
 000002F0  8B 7D 14			mov		edi, [ebp + 20];validInt
 000002F3  8B 07			mov		eax, [edi];validInt is in eax
 000002F5  F7 D8			neg		eax;negated integer is in eax
 000002F7  0F 80 FFFFFEA0		jo		invalidEntry
 000002FD  23 C0			and		eax, eax
 000002FF  0F 80 FFFFFE98		jo		invalidEntry
 00000305  89 07			mov		[edi], eax;negated integer is in validInt

 00000307			endReadVal:
					;reset ebp, registers and clean stack for next proc
 00000307  61				popad
 00000308  5D				pop		ebp
 00000309  C2 002C			ret 44
 0000030C			readVal ENDP

				;--------------------------------------
 0000030C			clearString PROC
				;
				; Blanks out the userInput string
				;
				; Preconditions: userInput, zero, thirtyThree on stack
				; Postconditions: userInput blanked out
				; Receives: userInput, zero, thirtyThree on stack
				; Registers changed: eax, ebx, ecx, edx, ebp, esp, esi
				;
				; Returns: none
				;
				;--------------------------------------

					;Save ebp and set the base pointer
 0000030C  55				push	ebp
 0000030D  8B EC			mov		ebp, esp

					;save registers
 0000030F  60				pushad

				;--------------------------------------
				; CITATION: Concept learned from reference:
				; https://piazza.com/class/k83uhw9nnyd2y9?cid=278
				;--------------------------------------
				;; STACK FRAME CONTENTS
				;
				;registers	|	ebp--
				;old ebp	|	ebp
				;ret@		|	ebp + 4
				;userInput	|	ebp + 8
				;thirtyThree|	ebp + 12
				;--------------------------------------
					;init counter
 00000310  8B 75 0C			mov		esi, DWORD PTR [ebp + 12]
 00000313  8B 0E			mov		ecx, [esi]

					;init edi
 00000315  8B 7D 08			mov		edi, [ebp + 8]

 00000318			keepBlanking:
					;blank out next spot in string
 00000318  B0 00			mov		al, 0
 0000031A  AA				stosb

					;continue if needed
 0000031B  E2 FB			loop	keepBlanking

					;reset ebp, registers and clean stack for next proc
 0000031D  61				popad
 0000031E  5D				pop		ebp
 0000031F  C2 0008			ret 8
 00000322			clearString ENDP

				;--------------------------------------
 00000322			writeVal PROC
				;
				; Converts an integer in memory to a string of digits,
				; then outputs that string to screen.
				;
				; Preconditions: intOutput on stack
				; Postconditions: string output to screen
				; Receives: intOutput on stack
				; Registers changed: eax, ecx, edx, ebp, esp, esi
				;
				; Returns: none
				;
				;--------------------------------------

					;Save ebp and set the base pointer
 00000322  55				push	ebp
 00000323  8B EC			mov		ebp, esp

					;save registers
 00000325  60				pushad

				;--------------------------------------
				; CITATION: Concept learned from reference:
				; https://piazza.com/class/k83uhw9nnyd2y9?cid=278
				;--------------------------------------
				;; STACK FRAME CONTENTS
				;
				;registers	|	ebp--
				;old ebp	|	ebp
				;ret@		|	ebp + 4
				;intOutput	|	ebp + 8 
				;validInt	|	ebp + 12
				;currentInt	|	ebp + 16
				;tempString	|	ebp + 20
				;thirtyThree|	ebp + 24
				;digits		|	ebp + 28
				;minus		|	ebp + 32
				;--------------------------------------
					;clear digits
 00000326  8B 75 1C			mov		esi, [ebp + 28]
 00000329  B8 00000000			mov		eax, 0
 0000032E  89 06			mov		[esi], eax

					;clear intOutput
 00000330  FF 75 18			push	[ebp + 24]
 00000333  FF 75 08			push	[ebp + 8]
 00000336  E8 FFFFFFD1			call	clearString

					;clear tempString
 0000033B  FF 75 18			push	[ebp + 24]
 0000033E  FF 75 14			push	[ebp + 20]
 00000341  E8 FFFFFFC6			call	clearString

					;copy validInt to currentInt
 00000346  8B 7D 10			mov		edi, [ebp + 16]
 00000349  8B 75 0C			mov		esi, [ebp + 12]
 0000034C  8B 06			mov		eax, [esi]
 0000034E  89 07			mov		[edi], eax

					;init intOutput
 00000350  8B 7D 08			mov		edi, [ebp + 8]

					;check sign
 00000353  8B 55 0C			mov		edx, [ebp + 12]
 00000356  8B 02			mov		eax, [edx]
 00000358  83 E8 00			sub		eax, 0
 0000035B  78 02			js		checkSign
 0000035D  EB 0A			jmp		keepDividing

 0000035F			checkSign:
					;is negative, so negating
 0000035F  F7 D8			neg		eax

					;storing in currentInt
 00000361  8B 7D 10			mov		edi, [ebp + 16]
 00000364  89 07			mov		[edi], eax

					;init intOutput
 00000366  8B 7D 08			mov		edi, [ebp + 8]

 00000369			keepDividing:
					;get currentInt, sign-extend
 00000369  8B 75 10			mov		esi, [ebp + 16]
 0000036C  8B 06			mov		eax, [esi]
 0000036E  99				cdq

					;divide by 10 move quotient to ecx and currentInt
 0000036F  BB 0000000A			mov		ebx, 10
 00000374  F7 F3			div		ebx
 00000376  8B C8			mov		ecx, eax
 00000378  89 06			mov		[esi], eax

					;remainder is in dl, saving to string
 0000037A  B8 00000000			mov		eax, 0
 0000037F  8A C2			mov		al, dl
 00000381  04 30			add		al, 48;adjust to ascii
 00000383  FC				cld
 00000384  AA				stosb

					;increment digits
 00000385  8B 55 1C			mov		edx, [ebp + 28]
 00000388  8B 1A			mov		ebx, [edx]
 0000038A  83 C3 01			add		ebx, 1
 0000038D  89 1A			mov		[edx], ebx

					;check if done
 0000038F  83 F9 00			cmp		ecx, 0
 00000392  75 D5			jnz		keepDividing

					;Reverse string
 00000394  8B C7			mov		eax, edi
 00000396  8B 7D 14			mov		edi, [ebp + 20];tempString
 00000399  8B F0			mov		esi, eax;intOutput end
 0000039B  83 EE 01			sub		esi, 1

					;check sign
 0000039E  8B 55 0C			mov		edx, [ebp + 12]
 000003A1  8B 02			mov		eax, [edx]
 000003A3  83 E8 00			sub		eax, 0
 000003A6  78 02			js		negOutput
 000003A8  EB 06			jmp		keepReversing

 000003AA			negOutput:
					;Store minus sign first
 000003AA  8B 55 20			mov		edx, [ebp + 32]
 000003AD  8B 02			mov		eax, [edx]
 000003AF  AA				stosb

 000003B0			keepReversing:
					;check end of string
 000003B0  8B 06			mov		eax, [esi]
 000003B2  83 F8 00			cmp		eax, 0
 000003B5  74 13			jz		doneReversing

					;not end of string, move from source to dest
 000003B7  FD				std;backwards from source
 000003B8  AC				lodsb
 000003B9  FC				cld;forwards from destination
 000003BA  AA				stosb

					;check to see if we're at the end
 000003BB  8B 55 1C			mov		edx, [ebp + 28]
 000003BE  8B 02			mov		eax, [edx]
 000003C0  83 E8 01			sub		eax, 1
 000003C3  89 02			mov		[edx], eax
 000003C5  83 F8 00			cmp		eax, 0
 000003C8  75 E6			jnz		keepReversing

 000003CA			doneReversing:
					;Done converting, time to display tempString
					displayString [ebp + 20]
 000003CA  60		     1		pushad
 000003CB  8B 55 14	     1		mov		edx, [ebp + 20]
 000003CE  E8 00000000 E     1		call	WriteString
 000003D3  61		     1		popad
 000003D4  E8 00000000 E		call	CrLf

					;used for error detection
					;mov		esi, [ebp + 12]
					;mov		eax, [esi]
					;call	WriteInt
					;call	CrLf

					;reset ebp, registers and clean stack for next proc
 000003D9  61				popad
 000003DA  5D				pop		ebp
 000003DB  C2 001C			ret 28
 000003DE			writeVal ENDP

				;--------------------------------------
 000003DE			sumAndAvg PROC
				;
				; Calculates sum and average of integers in array
				;
				; Preconditions: intArray on stack
				; Postconditions: avg and sum output to screen
				; Receives: intArray on stack
				; Registers changed: eax, ecx, edx, ebp, esp, esi
				;
				; Returns: none
				;
				;--------------------------------------

					;Save ebp and set the base pointer
 000003DE  55				push	ebp
 000003DF  8B EC			mov		ebp, esp

					;save registers
 000003E1  60				pushad

				;--------------------------------------
				; CITATION: Concept learned from reference:
				; https://piazza.com/class/k83uhw9nnyd2y9?cid=278
				;--------------------------------------
				;; STACK FRAME CONTENTS
				;
				;registers	|	ebp--
				;old ebp	|	ebp
				;ret@		|	ebp + 4
				;intArray	|	ebp + 8
				;--------------------------------------


					;reset ebp, registers and clean stack for next proc
 000003E2  61				popad
 000003E3  5D				pop		ebp
 000003E4  C2 0008			ret 8
 000003E7			sumAndAvg ENDP


				; (insert additional procedures here)

				END main
Microsoft (R) Macro Assembler Version 14.24.28315.0	    06/07/20 19:49:23
7Strings to Signed Integers     (program6_933958778.asm	     Symbols 2 - 1




Macros:

                N a m e                 Type

displayString  . . . . . . . . .	Proc
getString  . . . . . . . . . . .	Proc


Structures and Unions:

                N a m e                  Size
                                         Offset      Type

CONSOLE_CURSOR_INFO  . . . . . .	 00000008
  dwSize . . . . . . . . . . . .	 00000000	 DWord
  bVisible . . . . . . . . . . .	 00000004	 DWord
CONSOLE_SCREEN_BUFFER_INFO . . .	 00000016
  dwSize . . . . . . . . . . . .	 00000000	 DWord
  dwCursorPosition . . . . . . .	 00000004	 DWord
  wAttributes  . . . . . . . . .	 00000008	 Word
  srWindow . . . . . . . . . . .	 0000000A	 QWord
  dwMaximumWindowSize  . . . . .	 00000012	 DWord
COORD  . . . . . . . . . . . . .	 00000004
  X  . . . . . . . . . . . . . .	 00000000	 Word
  Y  . . . . . . . . . . . . . .	 00000002	 Word
FILETIME . . . . . . . . . . . .	 00000008
  loDateTime . . . . . . . . . .	 00000000	 DWord
  hiDateTime . . . . . . . . . .	 00000004	 DWord
FOCUS_EVENT_RECORD . . . . . . .	 00000004
  bSetFocus  . . . . . . . . . .	 00000000	 DWord
FPU_ENVIRON  . . . . . . . . . .	 0000001C
  controlWord  . . . . . . . . .	 00000000	 Word
  statusWord . . . . . . . . . .	 00000004	 Word
  tagWord  . . . . . . . . . . .	 00000008	 Word
  instrPointerOffset . . . . . .	 0000000C	 DWord
  instrPointerSelector . . . . .	 00000010	 DWord
  operandPointerOffset . . . . .	 00000014	 DWord
  operandPointerSelector . . . .	 00000018	 Word
INPUT_RECORD . . . . . . . . . .	 00000014
  EventType  . . . . . . . . . .	 00000000	 Word
  Event  . . . . . . . . . . . .	 00000004	 XmmWord
  bKeyDown . . . . . . . . . . .	 00000000	 DWord
  wRepeatCount . . . . . . . . .	 00000004	 Word
  wVirtualKeyCode  . . . . . . .	 00000006	 Word
  wVirtualScanCode . . . . . . .	 00000008	 Word
  uChar  . . . . . . . . . . . .	 0000000A	 Word
  UnicodeChar  . . . . . . . . .	 00000000	 Word
  AsciiChar  . . . . . . . . . .	 00000000	 Byte
  dwControlKeyState  . . . . . .	 0000000C	 DWord
  dwMousePosition  . . . . . . .	 00000000	 DWord
  dwButtonState  . . . . . . . .	 00000004	 DWord
  dwMouseControlKeyState . . . .	 00000008	 DWord
  dwEventFlags . . . . . . . . .	 0000000C	 DWord
  dwSize . . . . . . . . . . . .	 00000000	 DWord
  dwCommandId  . . . . . . . . .	 00000000	 DWord
  bSetFocus  . . . . . . . . . .	 00000000	 DWord
KEY_EVENT_RECORD . . . . . . . .	 00000010
  bKeyDown . . . . . . . . . . .	 00000000	 DWord
  wRepeatCount . . . . . . . . .	 00000004	 Word
  wVirtualKeyCode  . . . . . . .	 00000006	 Word
  wVirtualScanCode . . . . . . .	 00000008	 Word
  uChar  . . . . . . . . . . . .	 0000000A	 Word
  UnicodeChar  . . . . . . . . .	 00000000	 Word
  AsciiChar  . . . . . . . . . .	 00000000	 Byte
  dwControlKeyState  . . . . . .	 0000000C	 DWord
MENU_EVENT_RECORD  . . . . . . .	 00000004
  dwCommandId  . . . . . . . . .	 00000000	 DWord
MOUSE_EVENT_RECORD . . . . . . .	 00000010
  dwMousePosition  . . . . . . .	 00000000	 DWord
  dwButtonState  . . . . . . . .	 00000004	 DWord
  dwMouseControlKeyState . . . .	 00000008	 DWord
  dwEventFlags . . . . . . . . .	 0000000C	 DWord
SMALL_RECT . . . . . . . . . . .	 00000008
  Left . . . . . . . . . . . . .	 00000000	 Word
  Top  . . . . . . . . . . . . .	 00000002	 Word
  Right  . . . . . . . . . . . .	 00000004	 Word
  Bottom . . . . . . . . . . . .	 00000006	 Word
SYSTEMTIME . . . . . . . . . . .	 00000010
  wYear  . . . . . . . . . . . .	 00000000	 Word
  wMonth . . . . . . . . . . . .	 00000002	 Word
  wDayOfWeek . . . . . . . . . .	 00000004	 Word
  wDay . . . . . . . . . . . . .	 00000006	 Word
  wHour  . . . . . . . . . . . .	 00000008	 Word
  wMinute  . . . . . . . . . . .	 0000000A	 Word
  wSecond  . . . . . . . . . . .	 0000000C	 Word
  wMilliseconds  . . . . . . . .	 0000000E	 Word
WINDOW_BUFFER_SIZE_RECORD  . . .	 00000004
  dwSize . . . . . . . . . . . .	 00000000	 DWord


Segments and Groups:

                N a m e                 Size     Length   Align   Combine Class

FLAT . . . . . . . . . . . . . .	GROUP
STACK  . . . . . . . . . . . . .	32 Bit	 00001000 Para	  Stack	  'STACK'	 
_DATA  . . . . . . . . . . . . .	32 Bit	 000002F6 Para	  Public  'DATA'	
_TEXT  . . . . . . . . . . . . .	32 Bit	 000003E7 Para	  Public  'CODE'	


Procedures, parameters, and locals:

                N a m e                 Type     Value    Attr

CloseFile  . . . . . . . . . . .	P Near	 00000000 FLAT	Length= 00000000 External STDCALL
CloseHandle  . . . . . . . . . .	P Near	 00000000 FLAT	Length= 00000000 External STDCALL
Clrscr . . . . . . . . . . . . .	P Near	 00000000 FLAT	Length= 00000000 External STDCALL
CreateFileA  . . . . . . . . . .	P Near	 00000000 FLAT	Length= 00000000 External STDCALL
CreateOutputFile . . . . . . . .	P Near	 00000000 FLAT	Length= 00000000 External STDCALL
Crlf . . . . . . . . . . . . . .	P Near	 00000000 FLAT	Length= 00000000 External STDCALL
Delay  . . . . . . . . . . . . .	P Near	 00000000 FLAT	Length= 00000000 External STDCALL
DumpMem  . . . . . . . . . . . .	P Near	 00000000 FLAT	Length= 00000000 External STDCALL
DumpRegs . . . . . . . . . . . .	P Near	 00000000 FLAT	Length= 00000000 External STDCALL
ExitProcess  . . . . . . . . . .	P Near	 00000000 FLAT	Length= 00000000 External STDCALL
FileTimeToDosDateTime  . . . . .	P Near	 00000000 FLAT	Length= 00000000 External STDCALL
FileTimeToSystemTime . . . . . .	P Near	 00000000 FLAT	Length= 00000000 External STDCALL
FlushConsoleInputBuffer  . . . .	P Near	 00000000 FLAT	Length= 00000000 External STDCALL
FormatMessageA . . . . . . . . .	P Near	 00000000 FLAT	Length= 00000000 External STDCALL
GetCommandLineA  . . . . . . . .	P Near	 00000000 FLAT	Length= 00000000 External STDCALL
GetCommandTail . . . . . . . . .	P Near	 00000000 FLAT	Length= 00000000 External STDCALL
GetConsoleCP . . . . . . . . . .	P Near	 00000000 FLAT	Length= 00000000 External STDCALL
GetConsoleCursorInfo . . . . . .	P Near	 00000000 FLAT	Length= 00000000 External STDCALL
GetConsoleMode . . . . . . . . .	P Near	 00000000 FLAT	Length= 00000000 External STDCALL
GetConsoleScreenBufferInfo . . .	P Near	 00000000 FLAT	Length= 00000000 External STDCALL
GetDateTime  . . . . . . . . . .	P Near	 00000000 FLAT	Length= 00000000 External STDCALL
GetFileTime  . . . . . . . . . .	P Near	 00000000 FLAT	Length= 00000000 External STDCALL
GetKeyState  . . . . . . . . . .	P Near	 00000000 FLAT	Length= 00000000 External STDCALL
GetLastError . . . . . . . . . .	P Near	 00000000 FLAT	Length= 00000000 External STDCALL
GetLocalTime . . . . . . . . . .	P Near	 00000000 FLAT	Length= 00000000 External STDCALL
GetMaxXY . . . . . . . . . . . .	P Near	 00000000 FLAT	Length= 00000000 External STDCALL
GetMseconds  . . . . . . . . . .	P Near	 00000000 FLAT	Length= 00000000 External STDCALL
GetNumberOfConsoleInputEvents  .	P Near	 00000000 FLAT	Length= 00000000 External STDCALL
GetProcessHeap . . . . . . . . .	P Near	 00000000 FLAT	Length= 00000000 External STDCALL
GetStdHandle . . . . . . . . . .	P Near	 00000000 FLAT	Length= 00000000 External STDCALL
GetSystemTime  . . . . . . . . .	P Near	 00000000 FLAT	Length= 00000000 External STDCALL
GetTextColor . . . . . . . . . .	P Near	 00000000 FLAT	Length= 00000000 External STDCALL
GetTickCount . . . . . . . . . .	P Near	 00000000 FLAT	Length= 00000000 External STDCALL
Gotoxy . . . . . . . . . . . . .	P Near	 00000000 FLAT	Length= 00000000 External STDCALL
HeapAlloc  . . . . . . . . . . .	P Near	 00000000 FLAT	Length= 00000000 External STDCALL
HeapCreate . . . . . . . . . . .	P Near	 00000000 FLAT	Length= 00000000 External STDCALL
HeapDestroy  . . . . . . . . . .	P Near	 00000000 FLAT	Length= 00000000 External STDCALL
HeapFree . . . . . . . . . . . .	P Near	 00000000 FLAT	Length= 00000000 External STDCALL
HeapSize . . . . . . . . . . . .	P Near	 00000000 FLAT	Length= 00000000 External STDCALL
IsDigit  . . . . . . . . . . . .	P Near	 00000000 FLAT	Length= 00000000 External STDCALL
LocalFree  . . . . . . . . . . .	P Near	 00000000 FLAT	Length= 00000000 External STDCALL
MessageBoxA  . . . . . . . . . .	P Near	 00000000 FLAT	Length= 00000000 External STDCALL
MsgBoxAsk  . . . . . . . . . . .	P Near	 00000000 FLAT	Length= 00000000 External STDCALL
MsgBox . . . . . . . . . . . . .	P Near	 00000000 FLAT	Length= 00000000 External STDCALL
OpenInputFile  . . . . . . . . .	P Near	 00000000 FLAT	Length= 00000000 External STDCALL
ParseDecimal32 . . . . . . . . .	P Near	 00000000 FLAT	Length= 00000000 External STDCALL
ParseInteger32 . . . . . . . . .	P Near	 00000000 FLAT	Length= 00000000 External STDCALL
PeekConsoleInputA  . . . . . . .	P Near	 00000000 FLAT	Length= 00000000 External STDCALL
Random32 . . . . . . . . . . . .	P Near	 00000000 FLAT	Length= 00000000 External STDCALL
RandomRange  . . . . . . . . . .	P Near	 00000000 FLAT	Length= 00000000 External STDCALL
Randomize  . . . . . . . . . . .	P Near	 00000000 FLAT	Length= 00000000 External STDCALL
ReadChar . . . . . . . . . . . .	P Near	 00000000 FLAT	Length= 00000000 External STDCALL
ReadConsoleA . . . . . . . . . .	P Near	 00000000 FLAT	Length= 00000000 External STDCALL
ReadConsoleInputA  . . . . . . .	P Near	 00000000 FLAT	Length= 00000000 External STDCALL
ReadDec  . . . . . . . . . . . .	P Near	 00000000 FLAT	Length= 00000000 External STDCALL
ReadFile . . . . . . . . . . . .	P Near	 00000000 FLAT	Length= 00000000 External STDCALL
ReadFloat  . . . . . . . . . . .	P Near	 00000000 FLAT	Length= 00000000 External STDCALL
ReadFromFile . . . . . . . . . .	P Near	 00000000 FLAT	Length= 00000000 External STDCALL
ReadHex  . . . . . . . . . . . .	P Near	 00000000 FLAT	Length= 00000000 External STDCALL
ReadInt  . . . . . . . . . . . .	P Near	 00000000 FLAT	Length= 00000000 External STDCALL
ReadKeyFlush . . . . . . . . . .	P Near	 00000000 FLAT	Length= 00000000 External STDCALL
ReadKey  . . . . . . . . . . . .	P Near	 00000000 FLAT	Length= 00000000 External STDCALL
ReadString . . . . . . . . . . .	P Near	 00000000 FLAT	Length= 00000000 External STDCALL
SetConsoleCursorInfo . . . . . .	P Near	 00000000 FLAT	Length= 00000000 External STDCALL
SetConsoleCursorPosition . . . .	P Near	 00000000 FLAT	Length= 00000000 External STDCALL
SetConsoleMode . . . . . . . . .	P Near	 00000000 FLAT	Length= 00000000 External STDCALL
SetConsoleScreenBufferSize . . .	P Near	 00000000 FLAT	Length= 00000000 External STDCALL
SetConsoleTextAttribute  . . . .	P Near	 00000000 FLAT	Length= 00000000 External STDCALL
SetConsoleTitleA . . . . . . . .	P Near	 00000000 FLAT	Length= 00000000 External STDCALL
SetConsoleWindowInfo . . . . . .	P Near	 00000000 FLAT	Length= 00000000 External STDCALL
SetFilePointer . . . . . . . . .	P Near	 00000000 FLAT	Length= 00000000 External STDCALL
SetLocalTime . . . . . . . . . .	P Near	 00000000 FLAT	Length= 00000000 External STDCALL
SetTextColor . . . . . . . . . .	P Near	 00000000 FLAT	Length= 00000000 External STDCALL
ShowFPUStack . . . . . . . . . .	P Near	 00000000 FLAT	Length= 00000000 External STDCALL
Sleep  . . . . . . . . . . . . .	P Near	 00000000 FLAT	Length= 00000000 External STDCALL
StrLength  . . . . . . . . . . .	P Near	 00000000 FLAT	Length= 00000000 External STDCALL
Str_compare  . . . . . . . . . .	P Near	 00000000 FLAT	Length= 00000000 External STDCALL
Str_copy . . . . . . . . . . . .	P Near	 00000000 FLAT	Length= 00000000 External STDCALL
Str_length . . . . . . . . . . .	P Near	 00000000 FLAT	Length= 00000000 External STDCALL
Str_trim . . . . . . . . . . . .	P Near	 00000000 FLAT	Length= 00000000 External STDCALL
Str_ucase  . . . . . . . . . . .	P Near	 00000000 FLAT	Length= 00000000 External STDCALL
SystemTimeToFileTime . . . . . .	P Near	 00000000 FLAT	Length= 00000000 External STDCALL
WaitMsg  . . . . . . . . . . . .	P Near	 00000000 FLAT	Length= 00000000 External STDCALL
WriteBinB  . . . . . . . . . . .	P Near	 00000000 FLAT	Length= 00000000 External STDCALL
WriteBin . . . . . . . . . . . .	P Near	 00000000 FLAT	Length= 00000000 External STDCALL
WriteChar  . . . . . . . . . . .	P Near	 00000000 FLAT	Length= 00000000 External STDCALL
WriteConsoleA  . . . . . . . . .	P Near	 00000000 FLAT	Length= 00000000 External STDCALL
WriteConsoleOutputAttribute  . .	P Near	 00000000 FLAT	Length= 00000000 External STDCALL
WriteConsoleOutputCharacterA . .	P Near	 00000000 FLAT	Length= 00000000 External STDCALL
WriteDec . . . . . . . . . . . .	P Near	 00000000 FLAT	Length= 00000000 External STDCALL
WriteFile  . . . . . . . . . . .	P Near	 00000000 FLAT	Length= 00000000 External STDCALL
WriteFloat . . . . . . . . . . .	P Near	 00000000 FLAT	Length= 00000000 External STDCALL
WriteHexB  . . . . . . . . . . .	P Near	 00000000 FLAT	Length= 00000000 External STDCALL
WriteHex . . . . . . . . . . . .	P Near	 00000000 FLAT	Length= 00000000 External STDCALL
WriteInt . . . . . . . . . . . .	P Near	 00000000 FLAT	Length= 00000000 External STDCALL
WriteStackFrameName  . . . . . .	P Near	 00000000 FLAT	Length= 00000000 External STDCALL
WriteStackFrame  . . . . . . . .	P Near	 00000000 FLAT	Length= 00000000 External STDCALL
WriteString  . . . . . . . . . .	P Near	 00000000 FLAT	Length= 00000000 External STDCALL
WriteToFile  . . . . . . . . . .	P Near	 00000000 FLAT	Length= 00000000 External STDCALL
WriteWindowsMsg  . . . . . . . .	P Near	 00000000 FLAT	Length= 00000000 External STDCALL
clearString  . . . . . . . . . .	P Near	 0000030C _TEXT	Length= 00000016 Public STDCALL
  keepBlanking . . . . . . . . .	L Near	 00000318 _TEXT	
getNumbers . . . . . . . . . . .	P Near	 000000F1 _TEXT	Length= 000000A6 Public STDCALL
  getMore  . . . . . . . . . . .	L Near	 000000FF _TEXT	
  printEm  . . . . . . . . . . .	L Near	 00000175 _TEXT	
introduction . . . . . . . . . .	P Near	 00000098 _TEXT	Length= 00000059 Public STDCALL
main . . . . . . . . . . . . . .	P Near	 00000000 _TEXT	Length= 00000098 Public STDCALL
printf . . . . . . . . . . . . .	P Near	 00000000 FLAT	Length= 00000000 External C
readVal  . . . . . . . . . . . .	P Near	 00000197 _TEXT	Length= 00000175 Public STDCALL
  invalidEntry . . . . . . . . .	L Near	 0000019D _TEXT	
  initRead . . . . . . . . . . .	L Near	 000001D8 _TEXT	
  firstByte  . . . . . . . . . .	L Near	 00000206 _TEXT	
  negFound . . . . . . . . . . .	L Near	 0000023D _TEXT	
  posFound . . . . . . . . . . .	L Near	 00000249 _TEXT	
  keepReading  . . . . . . . . .	L Near	 00000255 _TEXT	
  posOverflow  . . . . . . . . .	L Near	 000002C8 _TEXT	
  noOverflow . . . . . . . . . .	L Near	 000002C8 _TEXT	
  endRead  . . . . . . . . . . .	L Near	 000002E2 _TEXT	
  complement . . . . . . . . . .	L Near	 000002F0 _TEXT	
  endReadVal . . . . . . . . . .	L Near	 00000307 _TEXT	
scanf  . . . . . . . . . . . . .	P Near	 00000000 FLAT	Length= 00000000 External C
sumAndAvg  . . . . . . . . . . .	P Near	 000003DE _TEXT	Length= 00000009 Public STDCALL
writeVal . . . . . . . . . . . .	P Near	 00000322 _TEXT	Length= 000000BC Public STDCALL
  checkSign  . . . . . . . . . .	L Near	 0000035F _TEXT	
  keepDividing . . . . . . . . .	L Near	 00000369 _TEXT	
  negOutput  . . . . . . . . . .	L Near	 000003AA _TEXT	
  keepReversing  . . . . . . . .	L Near	 000003B0 _TEXT	
  doneReversing  . . . . . . . .	L Near	 000003CA _TEXT	
wsprintfA  . . . . . . . . . . .	P Near	 00000000 FLAT	Length= 00000000 External C


Symbols:

                N a m e                 Type     Value    Attr

@CodeSize  . . . . . . . . . . .	Number	 00000000h   
@DataSize  . . . . . . . . . . .	Number	 00000000h   
@Interface . . . . . . . . . . .	Number	 00000003h   
@Model . . . . . . . . . . . . .	Number	 00000007h   
@code  . . . . . . . . . . . . .	Text   	 _TEXT
@data  . . . . . . . . . . . . .	Text   	 FLAT
@fardata?  . . . . . . . . . . .	Text   	 FLAT
@fardata . . . . . . . . . . . .	Text   	 FLAT
@stack . . . . . . . . . . . . .	Text   	 FLAT
ALT_MASK . . . . . . . . . . . .	Number	 00000003h   
CAPSLOCK_ON  . . . . . . . . . .	Number	 00000080h   
CREATE_ALWAYS  . . . . . . . . .	Number	 00000002h   
CREATE_NEW . . . . . . . . . . .	Number	 00000001h   
CTRL_MASK  . . . . . . . . . . .	Number	 0000000Ch   
CreateFile . . . . . . . . . . .	Text   	 CreateFileA
DO_NOT_SHARE . . . . . . . . . .	Number	 00000000h   
ENABLE_ECHO_INPUT  . . . . . . .	Number	 00000004h   
ENABLE_LINE_INPUT  . . . . . . .	Number	 00000002h   
ENABLE_MOUSE_INPUT . . . . . . .	Number	 00000010h   
ENABLE_PROCESSED_INPUT . . . . .	Number	 00000001h   
ENABLE_PROCESSED_OUTPUT  . . . .	Number	 00000001h   
ENABLE_WINDOW_INPUT  . . . . . .	Number	 00000008h   
ENABLE_WRAP_AT_EOL_OUTPUT  . . .	Number	 00000002h   
ENHANCED_KEY . . . . . . . . . .	Number	 00000100h   
FALSE  . . . . . . . . . . . . .	Number	 00000000h   
FILE_APPEND_DATA . . . . . . . .	Number	 00000004h   
FILE_ATTRIBUTE_ARCHIVE . . . . .	Number	 00000020h   
FILE_ATTRIBUTE_COMPRESSED  . . .	Number	 00000800h   
FILE_ATTRIBUTE_DEVICE  . . . . .	Number	 00000040h   
FILE_ATTRIBUTE_DIRECTORY . . . .	Number	 00000010h   
FILE_ATTRIBUTE_ENCRYPTED . . . .	Number	 00004000h   
FILE_ATTRIBUTE_HIDDEN  . . . . .	Number	 00000002h   
FILE_ATTRIBUTE_NORMAL  . . . . .	Number	 00000080h   
FILE_ATTRIBUTE_NOT_CONTENT_INDEXED .	Number	 00002000h   
FILE_ATTRIBUTE_OFFLINE . . . . .	Number	 00001000h   
FILE_ATTRIBUTE_READONLY  . . . .	Number	 00000001h   
FILE_ATTRIBUTE_REPARSE_POINT . .	Number	 00000400h   
FILE_ATTRIBUTE_SPARSE_FILE . . .	Number	 00000200h   
FILE_ATTRIBUTE_SYSTEM  . . . . .	Number	 00000004h   
FILE_ATTRIBUTE_TEMPORARY . . . .	Number	 00000100h   
FILE_BEGIN . . . . . . . . . . .	Number	 00000000h   
FILE_CURRENT . . . . . . . . . .	Number	 00000001h   
FILE_DELETE_CHILD  . . . . . . .	Number	 00000040h   
FILE_END . . . . . . . . . . . .	Number	 00000002h   
FILE_READ_DATA . . . . . . . . .	Number	 00000001h   
FILE_SHARE_DELETE  . . . . . . .	Number	 00000004h   
FILE_SHARE_READ  . . . . . . . .	Number	 00000001h   
FILE_SHARE_WRITE . . . . . . . .	Number	 00000002h   
FILE_WRITE_DATA  . . . . . . . .	Number	 00000002h   
FOCUS_EVENT  . . . . . . . . . .	Number	 00000010h   
FORMAT_MESSAGE_ALLOCATE_BUFFER .	Number	 00000100h   
FORMAT_MESSAGE_FROM_SYSTEM . . .	Number	 00001000h   
FormatMessage  . . . . . . . . .	Text   	 FormatMessageA
GENERIC_ALL  . . . . . . . . . .	Number	 10000000h   
GENERIC_EXECUTE  . . . . . . . .	Number	 20000000h   
GENERIC_READ . . . . . . . . . .	Number	 -80000000h   
GENERIC_WRITE  . . . . . . . . .	Number	 40000000h   
GetCommandLine . . . . . . . . .	Text   	 GetCommandLineA
HANDLE . . . . . . . . . . . . .	Text   	 DWORD
HEAP_GENERATE_EXCEPTIONS . . . .	Number	 00000004h   
HEAP_GROWABLE  . . . . . . . . .	Number	 00000002h   
HEAP_NO_SERIALIZE  . . . . . . .	Number	 00000001h   
HEAP_REALLOC_IN_PLACE_ONLY . . .	Number	 00000010h   
HEAP_ZERO_MEMORY . . . . . . . .	Number	 00000008h   
IDABORT  . . . . . . . . . . . .	Number	 00000003h   
IDCANCEL . . . . . . . . . . . .	Number	 00000002h   
IDCLOSE  . . . . . . . . . . . .	Number	 00000008h   
IDCONTINUE . . . . . . . . . . .	Number	 0000000Bh   
IDHELP . . . . . . . . . . . . .	Number	 00000009h   
IDIGNORE . . . . . . . . . . . .	Number	 00000005h   
IDNO . . . . . . . . . . . . . .	Number	 00000007h   
IDOK . . . . . . . . . . . . . .	Number	 00000001h   
IDRETRY  . . . . . . . . . . . .	Number	 00000004h   
IDTIMEOUT  . . . . . . . . . . .	Number	 00007D00h   
IDTRYAGAIN . . . . . . . . . . .	Number	 0000000Ah   
IDYES  . . . . . . . . . . . . .	Number	 00000006h   
INVALID_HANDLE_VALUE . . . . . .	Number	 -00000001h   
KBDOWN_FLAG  . . . . . . . . . .	Number	 00000001h   
KEY_EVENT  . . . . . . . . . . .	Number	 00000001h   
KEY_MASKS  . . . . . . . . . . .	Number	 0000001Fh   
LEFT_ALT_PRESSED . . . . . . . .	Number	 00000002h   
LEFT_CTRL_PRESSED  . . . . . . .	Number	 00000008h   
MB_ABORTRETRYIGNORE  . . . . . .	Number	 00000002h   
MB_APPLMODAL . . . . . . . . . .	Number	 00000000h   
MB_CANCELTRYCONTINUE . . . . . .	Number	 00000006h   
MB_DEFBUTTON1  . . . . . . . . .	Number	 00000000h   
MB_DEFBUTTON2  . . . . . . . . .	Number	 00000100h   
MB_DEFBUTTON3  . . . . . . . . .	Number	 00000200h   
MB_DEFBUTTON4  . . . . . . . . .	Number	 00000300h   
MB_HELP  . . . . . . . . . . . .	Number	 00004000h   
MB_ICONASTERISK  . . . . . . . .	Number	 00000040h   
MB_ICONERROR . . . . . . . . . .	Number	 00000010h   
MB_ICONEXCLAMATION . . . . . . .	Number	 00000030h   
MB_ICONHAND  . . . . . . . . . .	Number	 00000010h   
MB_ICONINFORMATION . . . . . . .	Number	 00000040h   
MB_ICONQUESTION  . . . . . . . .	Number	 00000020h   
MB_ICONSTOP  . . . . . . . . . .	Number	 00000010h   
MB_ICONWARNING . . . . . . . . .	Number	 00000030h   
MB_OKCANCEL  . . . . . . . . . .	Number	 00000001h   
MB_OK  . . . . . . . . . . . . .	Number	 00000000h   
MB_RETRYCANCEL . . . . . . . . .	Number	 00000005h   
MB_SYSTEMMODAL . . . . . . . . .	Number	 00001000h   
MB_TASKMODAL . . . . . . . . . .	Number	 00002000h   
MB_USERICON  . . . . . . . . . .	Number	 00000080h   
MB_YESNOCANCEL . . . . . . . . .	Number	 00000003h   
MB_YESNO . . . . . . . . . . . .	Number	 00000004h   
MENU_EVENT . . . . . . . . . . .	Number	 00000008h   
MOUSE_EVENT  . . . . . . . . . .	Number	 00000002h   
MessageBox . . . . . . . . . . .	Text   	 MessageBoxA
NULL . . . . . . . . . . . . . .	Number	 00000000h   
NUMLOCK_ON . . . . . . . . . . .	Number	 00000020h   
OPEN_ALWAYS  . . . . . . . . . .	Number	 00000004h   
OPEN_EXISTING  . . . . . . . . .	Number	 00000003h   
PeekConsoleInput . . . . . . . .	Text   	 PeekConsoleInputA
RIGHT_ALT_PRESSED  . . . . . . .	Number	 00000001h   
RIGHT_CTRL_PRESSED . . . . . . .	Number	 00000004h   
ReadConsoleInput . . . . . . . .	Text   	 ReadConsoleInputA
ReadConsole  . . . . . . . . . .	Text   	 ReadConsoleA
SCROLLLOCK_ON  . . . . . . . . .	Number	 00000040h   
SHIFT_MASK . . . . . . . . . . .	Number	 00000010h   
SHIFT_PRESSED  . . . . . . . . .	Number	 00000010h   
STD_ERROR_HANDLE . . . . . . . .	Number	 -0000000Ch   
STD_INPUT_HANDLE . . . . . . . .	Number	 -0000000Ah   
STD_OUTPUT_HANDLE  . . . . . . .	Number	 -0000000Bh   
SetConsoleTitle  . . . . . . . .	Text   	 SetConsoleTitleA
TAB  . . . . . . . . . . . . . .	Number	 00000009h   
TRUE . . . . . . . . . . . . . .	Number	 00000001h   
TRUNCATE_EXISTING  . . . . . . .	Number	 00000005h   
VK_11  . . . . . . . . . . . . .	Number	 000000BDh   
VK_12  . . . . . . . . . . . . .	Number	 000000BBh   
VK_ADD . . . . . . . . . . . . .	Number	 0000006Bh   
VK_BACK  . . . . . . . . . . . .	Number	 00000008h   
VK_CANCEL  . . . . . . . . . . .	Number	 00000003h   
VK_CAPITAL . . . . . . . . . . .	Number	 00000014h   
VK_CLEAR . . . . . . . . . . . .	Number	 0000000Ch   
VK_CONTROL . . . . . . . . . . .	Number	 00000011h   
VK_DECIMAL . . . . . . . . . . .	Number	 0000006Eh   
VK_DELETE  . . . . . . . . . . .	Number	 0000002Eh   
VK_DIVIDE  . . . . . . . . . . .	Number	 0000006Fh   
VK_DOWN  . . . . . . . . . . . .	Number	 00000028h   
VK_END . . . . . . . . . . . . .	Number	 00000023h   
VK_ESCAPE  . . . . . . . . . . .	Number	 0000001Bh   
VK_EXECUTE . . . . . . . . . . .	Number	 0000002Bh   
VK_F10 . . . . . . . . . . . . .	Number	 00000079h   
VK_F11 . . . . . . . . . . . . .	Number	 0000007Ah   
VK_F12 . . . . . . . . . . . . .	Number	 0000007Bh   
VK_F13 . . . . . . . . . . . . .	Number	 0000007Ch   
VK_F14 . . . . . . . . . . . . .	Number	 0000007Dh   
VK_F15 . . . . . . . . . . . . .	Number	 0000007Eh   
VK_F16 . . . . . . . . . . . . .	Number	 0000007Fh   
VK_F17 . . . . . . . . . . . . .	Number	 00000080h   
VK_F18 . . . . . . . . . . . . .	Number	 00000081h   
VK_F19 . . . . . . . . . . . . .	Number	 00000082h   
VK_F1  . . . . . . . . . . . . .	Number	 00000070h   
VK_F20 . . . . . . . . . . . . .	Number	 00000083h   
VK_F21 . . . . . . . . . . . . .	Number	 00000084h   
VK_F22 . . . . . . . . . . . . .	Number	 00000085h   
VK_F23 . . . . . . . . . . . . .	Number	 00000086h   
VK_F24 . . . . . . . . . . . . .	Number	 00000087h   
VK_F2  . . . . . . . . . . . . .	Number	 00000071h   
VK_F3  . . . . . . . . . . . . .	Number	 00000072h   
VK_F4  . . . . . . . . . . . . .	Number	 00000073h   
VK_F5  . . . . . . . . . . . . .	Number	 00000074h   
VK_F6  . . . . . . . . . . . . .	Number	 00000075h   
VK_F7  . . . . . . . . . . . . .	Number	 00000076h   
VK_F8  . . . . . . . . . . . . .	Number	 00000077h   
VK_F9  . . . . . . . . . . . . .	Number	 00000078h   
VK_HELP  . . . . . . . . . . . .	Number	 0000002Fh   
VK_HOME  . . . . . . . . . . . .	Number	 00000024h   
VK_INSERT  . . . . . . . . . . .	Number	 0000002Dh   
VK_LBUTTON . . . . . . . . . . .	Number	 00000001h   
VK_LCONTROL  . . . . . . . . . .	Number	 000000A2h   
VK_LEFT  . . . . . . . . . . . .	Number	 00000025h   
VK_LMENU . . . . . . . . . . . .	Number	 000000A4h   
VK_LSHIFT  . . . . . . . . . . .	Number	 000000A0h   
VK_MENU  . . . . . . . . . . . .	Number	 00000012h   
VK_MULTIPLY  . . . . . . . . . .	Number	 0000006Ah   
VK_NEXT  . . . . . . . . . . . .	Number	 00000022h   
VK_NUMLOCK . . . . . . . . . . .	Number	 00000090h   
VK_NUMPAD0 . . . . . . . . . . .	Number	 00000060h   
VK_NUMPAD1 . . . . . . . . . . .	Number	 00000061h   
VK_NUMPAD2 . . . . . . . . . . .	Number	 00000062h   
VK_NUMPAD3 . . . . . . . . . . .	Number	 00000063h   
VK_NUMPAD4 . . . . . . . . . . .	Number	 00000064h   
VK_NUMPAD5 . . . . . . . . . . .	Number	 00000065h   
VK_NUMPAD6 . . . . . . . . . . .	Number	 00000066h   
VK_NUMPAD7 . . . . . . . . . . .	Number	 00000067h   
VK_NUMPAD8 . . . . . . . . . . .	Number	 00000068h   
VK_NUMPAD9 . . . . . . . . . . .	Number	 00000069h   
VK_PAUSE . . . . . . . . . . . .	Number	 00000013h   
VK_PRINT . . . . . . . . . . . .	Number	 0000002Ah   
VK_PRIOR . . . . . . . . . . . .	Number	 00000021h   
VK_RBUTTON . . . . . . . . . . .	Number	 00000002h   
VK_RCONTROL  . . . . . . . . . .	Number	 000000A3h   
VK_RETURN  . . . . . . . . . . .	Number	 0000000Dh   
VK_RIGHT . . . . . . . . . . . .	Number	 00000027h   
VK_RMENU . . . . . . . . . . . .	Number	 000000A5h   
VK_RSHIFT  . . . . . . . . . . .	Number	 000000A1h   
VK_SCROLL  . . . . . . . . . . .	Number	 00000091h   
VK_SEPARATER . . . . . . . . . .	Number	 0000006Ch   
VK_SHIFT . . . . . . . . . . . .	Number	 00000010h   
VK_SNAPSHOT  . . . . . . . . . .	Number	 0000002Ch   
VK_SPACE . . . . . . . . . . . .	Number	 00000020h   
VK_SUBTRACT  . . . . . . . . . .	Number	 0000006Dh   
VK_TAB . . . . . . . . . . . . .	Number	 00000009h   
VK_UP  . . . . . . . . . . . . .	Number	 00000026h   
WINDOW_BUFFER_SIZE_EVENT . . . .	Number	 00000004h   
WriteConsoleOutputCharacter  . .	Text   	 WriteConsoleOutputCharacterA
WriteConsole . . . . . . . . . .	Text   	 WriteConsoleA
arrayCount . . . . . . . . . . .	DWord	 00000283 _DATA	
authName . . . . . . . . . . . .	Byte	 0000001B _DATA	
black  . . . . . . . . . . . . .	Number	 00000000h   
blue . . . . . . . . . . . . . .	Number	 00000001h   
brown  . . . . . . . . . . . . .	Number	 00000006h   
currentInt . . . . . . . . . . .	DWord	 000002AD _DATA	
cyan . . . . . . . . . . . . . .	Number	 00000003h   
descripA . . . . . . . . . . . .	Byte	 000000A1 _DATA	
descripB . . . . . . . . . . . .	Byte	 000000EF _DATA	
descripC . . . . . . . . . . . .	Byte	 0000012D _DATA	
digits . . . . . . . . . . . . .	DWord	 000002D2 _DATA	
ecOne  . . . . . . . . . . . . .	Byte	 00000068 _DATA	
emptyStr . . . . . . . . . . . .	Byte	 0000023A _DATA	
exit . . . . . . . . . . . . . .	Text   	 INVOKE ExitProcess,0
gray . . . . . . . . . . . . . .	Number	 00000008h   
green  . . . . . . . . . . . . .	Number	 00000002h   
intArray . . . . . . . . . . . .	DWord	 0000025B _DATA	
intOutput  . . . . . . . . . . .	Byte	 0000028C _DATA	
isNeg  . . . . . . . . . . . . .	DWord	 00000234 _DATA	
lightBlue  . . . . . . . . . . .	Number	 00000009h   
lightCyan  . . . . . . . . . . .	Number	 0000000Bh   
lightGray  . . . . . . . . . . .	Number	 00000007h   
lightGreen . . . . . . . . . . .	Number	 0000000Ah   
lightMagenta . . . . . . . . . .	Number	 0000000Dh   
lightRed . . . . . . . . . . . .	Number	 0000000Ch   
magenta  . . . . . . . . . . . .	Number	 00000005h   
minus  . . . . . . . . . . . . .	Byte	 00000238 _DATA	
plsEnter . . . . . . . . . . . .	Byte	 00000195 _DATA	
plus . . . . . . . . . . . . . .	Byte	 00000239 _DATA	
red  . . . . . . . . . . . . . .	Number	 00000004h   
seeya  . . . . . . . . . . . . .	Byte	 0000003B _DATA	
tempString . . . . . . . . . . .	Byte	 000002B1 _DATA	
thirtyThree  . . . . . . . . . .	DWord	 00000288 _DATA	
titleText  . . . . . . . . . . .	Byte	 00000000 _DATA	
tryAgain . . . . . . . . . . . .	Byte	 000001B5 _DATA	
userInput  . . . . . . . . . . .	Byte	 0000020F _DATA	
validInt . . . . . . . . . . . .	DWord	 00000230 _DATA	
valsEntered  . . . . . . . . . .	Byte	 000002D6 _DATA	
white  . . . . . . . . . . . . .	Number	 0000000Fh   
wsprintf . . . . . . . . . . . .	Text   	 wsprintfA
yellow . . . . . . . . . . . . .	Number	 0000000Eh   
zero . . . . . . . . . . . . . .	Byte	 00000287 _DATA	

	   0 Warnings
	   0 Errors
